{"format_version":"1.0","terraform_version":"1.15.8","values":{"root_module":{"resources":[{"address":"terraform_data.plain","mode":"managed","type":"terraform_data","name":"plain","provider_name":"terraform.io/builtin/terraform","schema_version":0,"values":{"id":"932cb377-2465-27f1-aa22-42b6e21a5a76","input":"small","output":"small","triggers_replace":null},"sensitive_values":{}},{"address":"terraform_data.thing","mode":"managed","type":"terraform_data","name":"thing","provider_name":"terraform.io/builtin/terraform","schema_version":0,"values":{"id":"e7aeb4b6-f0fe-cb38-6274-7675b85f0ae0","input":"FIXTURE-VALUE-NOT-A-CREDENTIAL","output":"FIXTURE-VALUE-NOT-A-CREDENTIAL","triggers_replace":null},"sensitive_values":{"input":true}}]}}}
